---
source: src/types.rs
expression: "LogEntry::parse(b\"2015-05-13 17:39:16 +0200: Repaired 'Library/Printers/Canon/IJScanner/Resources/Parameters/CNQ9601'\")"
---
LogEntry {
    timestamp: Some(
        Fixed(
            2015-05-13T17:39:16+02:00,
        ),
    ),
    message: "Repaired \'Library/Printers/Canon/IJScanner/Resources/Parameters/CNQ9601\'",
}
